PS C:\Users\Anu\OneDrive\Desktop\web dev cohort> git init
Reinitialized existing Git repository in C:/Users/Anu/OneDrive/Desktop/web dev cohort/.git/
PS C:\Users\Anu\OneDrive\Desktop\web dev cohort> git add .
PS C:\Users\Anu\OneDrive\Desktop\web dev cohort> echo " hello git"
 hello git
PS C:\Users\Anu\OneDrive\Desktop\web dev cohort> echo "hello git"> notes.txt
PS C:\Users\Anu\OneDrive\Desktop\web dev cohort> git add notes. txt
fatal: pathspec 'notes.' did not match any files
PS C:\Users\Anu\OneDrive\Desktop\web dev cohort> git add notes.txt
PS C:\Users\Anu\OneDrive\Desktop\web dev cohort> git commit --m "add notes.txt"
[main fe146ae] add notes.txt
 6 files changed, 2 insertions(+), 2 deletions(-)
 rename hello.js => SectionB.txt/git-practice (100%)
 delete mode 100644 gitinit.txt
 delete mode 100644 login.html
 delete mode 100644 simple.txt
PS C:\Users\Anu\OneDrive\Desktop\web dev cohort> git status
On branch main
nothing to commit, working tree clean
PS C:\Users\Anu\OneDrive\Desktop\web dev cohort> git log --oneline
fe146ae (HEAD -> main) add notes.txt
13f74fd add notes.txt
980f48a add login.html
2f34697 add hello.js
7aceea7 add simple.txt
PS C:\Users\Anu\OneDrive\Desktop\web dev cohort> echo "console.log('hello');" > hello.js
PS C:\Users\Anu\OneDrive\Desktop\web dev cohort> git add hello.js
PS C:\Users\Anu\OneDrive\Desktop\web dev cohort> git commit--m "add hello.js"
git: 'commit--m' is not a git command. See 'git --help'.
PS C:\Users\Anu\OneDrive\Desktop\web dev cohort> git reset --hard hello.js
fatal: Cannot do hard reset with paths.
PS C:\Users\Anu\OneDrive\Desktop\web dev cohort> git reset --hard HEAD hello.js
fatal: Cannot do hard reset with paths.
PS C:\Users\Anu\OneDrive\Desktop\web dev cohort> git reset --hard HEAD
HEAD is now at fe146ae add notes.txt
PS C:\Users\Anu\OneDrive\Desktop\web dev cohort> git log --oneline
fe146ae (HEAD -> main) add notes.txt
13f74fd add notes.txt
980f48a add login.html
2f34697 add hello.js
7aceea7 add simple.txt                            git remote add origin https://github.com/anupaul45/git-practice-repository.gitrs\Anu\OneDrive\Desktop\web dev cohort>
PS C:\Users\Anu\OneDrive\Desktop\web dev cohort> ^C
PS C:\Users\Anu\OneDrive\Desktop\web dev cohort> git remote add origin https://github.com/anupaul45/git-practice-repository.git
error: remote origin already exists.